[180.210.207.149/index.html]
[backblue.gif]
[fade.gif]
[index.html]
[180.210.207.149/template/alpha/desktop/assets/klik99/img/logo/favicon1e02.webp]
[180.210.207.149/template/alpha/desktop/assets/klik99/img/home/Banner-min.webp]
[180.210.207.149/template/alpha/desktop/assets/klik99/css/nw-style1e02.css]
[180.210.207.149/template/alpha/assets/css/allf713.css]
[180.210.207.149/template/alpha/assets/css/owl.carouself713.css]
[180.210.207.149/template/alpha/desktop/assets/klik99/css/app__klik99f713.css]
[180.210.207.149/plugins/izi-toast/iziToast.minf713.css]
[180.210.207.149/template/alpha/desktop/assets/klik99/img/logo/logo.webp]
[180.210.207.149/forgot_password.html]
[180.210.207.149/index5bd4.html]
[180.210.207.149/register.html]
[180.210.207.149/template/alpha/desktop/assets/klik99/img/logo/flag/id.webp]
[180.210.207.149/template/alpha/desktop/assets/klik99/img/logo/ico-flag-id.webp]
[180.210.207.149/template/alpha/desktop/assets/klik99/img/logo/ico-flag-uk.webp]
[180.210.207.149/games/sportbook.html]
[180.210.207.149/games/esport.html]
[180.210.207.149/games/slots.html]
[180.210.207.149/games/idnlive.html]
[180.210.207.149/games/togel.html]
[180.210.207.149/games/live_casino.html]
[180.210.207.149/games/mickeymouse.html]
[180.210.207.149/games/shot_fish.html]
[180.210.207.149/referral.html]
[180.210.207.149/promotion.html]
[object-d001-cloud.akucloud.com/banner/image/promotion/Klik99/klik99_spesial-natal-&-tahun-baru_slider.jpg]
[object-d001-cloud.akucloud.com/banner/image/Klik99/promo/Klik99_Free Chips_Slider.jpg]
[object-d001-cloud.akucloud.com/banner/image/Klik99/promo/Klik99_Referral_Slider.jpg]
[object-d001-cloud.akucloud.com/banner/image/promotion/Wlb2c-AffCup-Slider.jpg]
[object-d001-cloud.akucloud.com/banner/image/promotion/WLB2C_MLM3_Slider.jpg]
[object-d001-cloud.akucloud.com/banner/image/promotion/Bola88_Natal-Idnlive_Slider.jpg]
[object-d001-cloud.akucloud.com/banner/image/promotion/WLB2C_QuizCornerChristmas_Slider-Web-Utama.jpg]
[object-d001-cloud.akucloud.com/banner/image/promotion/All MM family_IDNSLOTCashdropMultiplePartII_Slider.jpg]
[object-d001-cloud.akucloud.com/banner/image/promotion/All UBO_PP Slot Daily Wins_Slider.jpg]
[object-d001-cloud.akucloud.com/banner/image/promotion/AllUbo_4DiamondsMegaway_MenuPromoWeb.jpg]
[object-d001-cloud.akucloud.com/banner/image/promotion/all mm family_HariAntiNarkoba_Slider.jpg]
[object-d001-cloud.akucloud.com/banner/image/promotion/Bolatangkas-Habanero-Slider.jpg]
[object-d001-cloud.akucloud.com/banner/image/promotion/MMFamily_CashDrop&SlotMania_Slider.jpg]
[object-d001-cloud.akucloud.com/banner/image/promotion/MajesticGold_Slider.jpg]
[object-d001-cloud.akucloud.com/banner/image/promotion/MM-Family_BountyGoldExclusivePromo_Slider.jpg]
[object-d001-cloud.akucloud.com/banner/image/promotion/Crazy Slot Mania_slider.jpg]
[object-d001-cloud.akucloud.com/banner/image/promotion/sports-AngpaoBonus-Slider.jpg]
[object-d001-cloud.akucloud.com/banner/image/promotion/sports88-HabaneroRace-Slider.jpg]
[object-d001-cloud.akucloud.com/banner/image/promotion/wlb2c_Bonus-Kejutan-Harian_slider.jpg]
[object-d001-cloud.akucloud.com/banner/image/promotion/WLB2C_MG-Bonus-Time-_Promo_Slider.jpg]
[object-d001-cloud.akucloud.com/banner/image/multiplayer/DewaBet_GrandJackpot_Slider.jpg]
[object-d001-cloud.akucloud.com/banner/image/promotion/AllUBO-PlayStarChallenge-SliderWebUtama.jpg]
[object-d001-cloud.akucloud.com/banner/image/Klik99/promo/Klik99_Free Chips_Sosmed No Link-min.jpg]
[object-d001-cloud.akucloud.com/banner/image/Klik99/promo/Klik99_Referral_Sosmed No Link-min.jpg]
[object-d001-cloud.akucloud.com/banner/image/Klik99/promo/Klik99_Banner Promosi_Sosmed No Link-min.jpg]
[180.210.207.149/template/alpha/desktop/assets/klik99/img/logo/bank/jenius.webp]
[180.210.207.149/template/alpha/desktop/assets/klik99/img/logo/bank/dana.webp]
[180.210.207.149/template/alpha/desktop/assets/klik99/img/logo/bank/gopay.webp]
[180.210.207.149/template/alpha/desktop/assets/klik99/img/logo/bank/linkaja.webp]
[180.210.207.149/template/alpha/desktop/assets/klik99/img/logo/bank/ovo.webp]
[180.210.207.149/template/alpha/desktop/assets/klik99/img/logo/bank/bca.webp]
[180.210.207.149/template/alpha/desktop/assets/klik99/img/logo/bank/mandiri.webp]
[180.210.207.149/template/alpha/desktop/assets/klik99/img/logo/bank/bri.webp]
[180.210.207.149/template/alpha/desktop/assets/klik99/img/logo/bank/bni.webp]
[180.210.207.149/template/alpha/desktop/assets/klik99/img/logo/bank/cimb.webp]
[180.210.207.149/template/alpha/desktop/assets/klik99/img/logo/bank/permata.webp]
[180.210.207.149/template/alpha/desktop/assets/klik99/img/logo/bank/maybank.webp]
[180.210.207.149/template/alpha/desktop/assets/klik99/img/logo/bank/panin.webp]
[180.210.207.149/template/alpha/desktop/assets/klik99/img/logo/bank/mega.webp]
[180.210.207.149/template/alpha/desktop/assets/klik99/img/home/Easy-Steps.gif]
[180.210.207.149/template/alpha/desktop/assets/klik99/img/home/Device.webp]
[180.210.207.149/template/alpha/desktop/assets/klik99/img/home/Live-Chat.webp]
[180.210.207.149/template/alpha/desktop/assets/klik99/img/home/Our Game/Sportbook.webp]
[180.210.207.149/template/alpha/desktop/assets/klik99/img/home/Our Game/E-sport.webp]
[180.210.207.149/template/alpha/desktop/assets/klik99/img/home/Our Game/tangkas.webp]
[180.210.207.149/template/alpha/desktop/assets/klik99/img/home/Our Game/tambakikan.webp]
[180.210.207.149/template/alpha/desktop/assets/klik99/img/home/Our Game/Idnlive/Idn 4 Stand-min.webp]
[180.210.207.149/template/alpha/desktop/assets/klik99/img/home/Our Game/Idnlive/3D Shio-min.webp]
[180.210.207.149/template/alpha/desktop/assets/klik99/img/home/Our Game/Idnlive/Oglok-min.webp]
[180.210.207.149/template/alpha/desktop/assets/klik99/img/home/Our Game/Idnlive/24 Spin-min.webp]
[180.210.207.149/template/alpha/desktop/assets/klik99/img/home/Our Game/Idnlive/Roulette-min.webp]
[180.210.207.149/template/alpha/desktop/assets/klik99/img/home/Our Game/LiveCasino/hogaming-min.webp]
[180.210.207.149/template/alpha/desktop/assets/klik99/img/home/Our Game/LiveCasino/sbobet-min.webp]
[180.210.207.149/template/alpha/desktop/assets/klik99/img/home/Our Game/LiveCasino/wm-min.webp]
[180.210.207.149/template/alpha/desktop/assets/klik99/img/home/Our Game/LiveCasino/evolution-min.webp]
[180.210.207.149/template/alpha/desktop/assets/klik99/img/home/Provider/idnslot.webp]
[180.210.207.149/template/alpha/desktop/assets/klik99/img/home/Provider/pragmatic.webp]
[180.210.207.149/template/alpha/desktop/assets/klik99/img/home/Provider/hbn.webp]
[180.210.207.149/template/alpha/desktop/assets/klik99/img/home/Provider/cq9.webp]
[180.210.207.149/template/alpha/desktop/assets/klik99/img/home/Provider/playtech.webp]
[180.210.207.149/template/alpha/desktop/assets/klik99/img/home/Provider/png.webp]
[180.210.207.149/template/alpha/desktop/assets/klik99/img/home/Provider/isb.webp]
[180.210.207.149/template/alpha/desktop/assets/klik99/img/home/Provider/gameplay.webp]
[180.210.207.149/template/alpha/desktop/assets/klik99/img/home/Provider/ps.webp]
[180.210.207.149/template/alpha/desktop/assets/klik99/img/home/Provider/rtg.webp]
[180.210.207.149/template/alpha/desktop/assets/klik99/img/home/Provider/jdb.webp]
[180.210.207.149/template/alpha/desktop/assets/klik99/img/home/Provider/jg.webp]
[180.210.207.149/template/alpha/desktop/assets/klik99/img/home/Provider/spade.webp]
[180.210.207.149/template/alpha/desktop/assets/klik99/img/home/Provider/pgs.webp]
[180.210.207.149/template/alpha/desktop/assets/klik99/img/home/Provider/gpssl.webp]
[180.210.207.149/template/alpha/desktop/assets/klik99/img/home/Provider/redtiger.webp]
[180.210.207.149/template/alpha/desktop/assets/klik99/img/home/Provider/ttg.webp]
[180.210.207.149/template/alpha/desktop/assets/klik99/img/home/Provider/ttg-mg.webp]
[180.210.207.149/template/alpha/desktop/assets/klik99/img/home/Provider/ttg-bg.webp]
[180.210.207.149/template/alpha/desktop/assets/klik99/img/home/Provider/ttg-playson.webp]
[180.210.207.149/template/alpha/desktop/assets/klik99/img/home/Provider/betsoft.webp]
[180.210.207.149/template/alpha/desktop/assets/klik99/img/home/Provider/aws.webp]
[180.210.207.149/template/alpha/desktop/assets/klik99/img/home/Provider/ttg-ga.webp]
[180.210.207.149/page/about-us.html]
[180.210.207.149/page/%09bank-schedule.html]
[180.210.207.149/page/mobileses.html]
[180.210.207.149/template/alpha/desktop/assets/klik99/img/logo/BMM-Testlabs.webp]
[180.210.207.149/template/alpha/desktop/assets/klik99/img/logo/Caution.webp]
[180.210.207.149/template/alpha/desktop/assets/klik99/img/logo/bank-footer/bca.webp]
[180.210.207.149/template/alpha/desktop/assets/klik99/img/logo/bank-footer/mandiri.webp]
[180.210.207.149/template/alpha/desktop/assets/klik99/img/logo/bank-footer/cimb.webp]
[180.210.207.149/template/alpha/desktop/assets/klik99/img/logo/bank-footer/bni.webp]
[180.210.207.149/template/alpha/desktop/assets/klik99/img/logo/bank-footer/bri.webp]
[180.210.207.149/template/alpha/desktop/assets/klik99/img/logo/bank-footer/permata.webp]
[180.210.207.149/template/alpha/desktop/assets/klik99/img/logo/bank-footer/kospin.webp]
[180.210.207.149/template/alpha/desktop/assets/klik99/img/logo/bank-footer/maybank.webp]
[180.210.207.149/template/alpha/desktop/assets/klik99/img/logo/bank-footer/panin-bank.webp]
[180.210.207.149/template/alpha/desktop/assets/klik99/img/logo/bank-footer/mega.webp]
[180.210.207.149/template/alpha/desktop/assets/klik99/img/logo/bank-footer/jenius.webp]
[180.210.207.149/template/alpha/desktop/assets/klik99/img/logo/bank-footer/voucher88.webp]
[180.210.207.149/template/alpha/assets/js/jquery.slim.minf713.js]
[180.210.207.149/template/alpha/assets/js/jquery.minf713.js]
[180.210.207.149/template/alpha/assets/js/marquee.minf713.js]
[180.210.207.149/template/alpha/assets/js/owl.carousel.minf713.js]
[180.210.207.149/template/alpha/desktop/master/js/appf713.js]
[180.210.207.149/plugins/izi-toast/iziToast.minf713.js]
[180.210.207.149/plugins/currency/curr.minf713.js]
[180.210.207.149/plugins/lazy-load/lazyload.minf713.js]
[180.210.207.149/js/gp-toolsf713.js]
[180.210.207.149/index.html]
[cdn.livechatinc.com/tracking.js]
[s3-ap-southeast-1.amazonaws.com/idnpopups/retention/tingle.min.css]
[180.210.207.149/template/alpha/desktop/assets/klik99/css/nw-style1e02.css]
[180.210.207.149/template/alpha/assets/css/webfonts/fa-brands-400.eot]
[180.210.207.149/template/alpha/assets/css/webfonts/fa-brands-400d41d.eot]
[180.210.207.149/template/alpha/assets/css/webfonts/fa-brands-400.woff2]
[180.210.207.149/template/alpha/assets/css/webfonts/fa-brands-400.woff]
[180.210.207.149/template/alpha/assets/css/webfonts/fa-brands-400.ttf]
[180.210.207.149/template/alpha/assets/css/webfonts/fa-regular-400.eot]
[180.210.207.149/template/alpha/assets/css/webfonts/fa-regular-400d41d.eot]
[180.210.207.149/template/alpha/assets/css/webfonts/fa-regular-400.woff2]
[180.210.207.149/template/alpha/assets/css/webfonts/fa-regular-400.woff]
[180.210.207.149/template/alpha/assets/css/webfonts/fa-regular-400.ttf]
[180.210.207.149/template/alpha/assets/css/webfonts/fa-solid-900.eot]
[180.210.207.149/template/alpha/assets/css/webfonts/fa-solid-900d41d.eot]
[180.210.207.149/template/alpha/assets/css/webfonts/fa-solid-900.woff2]
[180.210.207.149/template/alpha/assets/css/webfonts/fa-solid-900.woff]
[180.210.207.149/template/alpha/assets/css/webfonts/fa-solid-900.ttf]
[180.210.207.149/template/alpha/assets/css/allf713.css]
[180.210.207.149/template/alpha/assets/css/grabbing.png]
[180.210.207.149/template/alpha/assets/css/owl.carouself713.css]
[180.210.207.149/template/idncash/desktop/assets/img/logo/ico-flag.png]
[180.210.207.149/template/alpha/assets/font/ElliotSans-Regular.ttf]
[180.210.207.149/template/alpha/assets/font/NEWTOW__.ttf]
[180.210.207.149/template/alpha/desktop/assets/klik99/img/logo/bank-footer/bca-color.png]
[180.210.207.149/template/alpha/desktop/assets/klik99/img/logo/bank-footer/mandiri.png]
[180.210.207.149/template/alpha/desktop/assets/klik99/img/logo/bank-footer/bni.png]
[180.210.207.149/template/alpha/desktop/assets/klik99/img/logo/bank-footer/bri.png]
[180.210.207.149/template/alpha/desktop/assets/klik99/img/logo/bank-footer/cimb.png]
[180.210.207.149/template/alpha/desktop/assets/klik99/img/logo/bank-footer/panin-bank.png]
[180.210.207.149/template/alpha/desktop/assets/klik99/img/logo/bank-footer/maybank.png]
[180.210.207.149/template/alpha/desktop/assets/klik99/img/logo/bank-footer/mega.png]
[180.210.207.149/template/alpha/desktop/assets/klik99/img/logo/bank-footer/permata.png]
[180.210.207.149/template/alpha/desktop/assets/klik99/img/logo/bank-footer/kospin.png]
[180.210.207.149/template/alpha/desktop/assets/klik99/img/logo/bank-footer/jenius.png]
[180.210.207.149/template/alpha/desktop/assets/idncash/img/Maintenance/background.webp]
[180.210.207.149/template/alpha/desktop/assets/ibetwin/img/Maintenance/background.webp]
[180.210.207.149/template/alpha/desktop/assets/klik99/css/app__klik99f713.css]
[180.210.207.149/plugins/izi-toast/iziToast.minf713.css]
[180.210.207.149/plugins/validation/formValidation.min.css]
[180.210.207.149/captcha/grey1970.png]
[180.210.207.149/plugins/mask/jquery.mask.min.js]
[180.210.207.149/plugins/validation/formValidation.min.js]
[180.210.207.149/plugins/validation/bootstrap.min.js]
[180.210.207.149/plugins/validation/jquery.validate.js]
[180.210.207.149/js/template/alpha/withdraw.js]
[180.210.207.149/js/template/alpha/forgot-password7e0c.js]
[180.210.207.149/js/template/alpha/passwordvalidation.js]
[180.210.207.149/forgot_password.html]
[180.210.207.149/template/alpha/desktop/assets/klik99/img/logo/favicon.webp]
[180.210.207.149/template/alpha/mobile/assets/klik99/css/nw-style8510.css]
[180.210.207.149/template/alpha/assets/css/typographyf713.css]
[180.210.207.149/template/alpha/mobile/assets/klik99/css/app__klik99f713.css]
[180.210.207.149/template/alpha/assets/css/swiper-bundle.css]
[180.210.207.149/template/alpha/assets/css/swiper-bundle.min.css]
[180.210.207.149/template/alpha/mobile/assets/klik99/img/logo/logo.webp]
[180.210.207.149/page/contact-us.html]
[180.210.207.149/template/alpha/mobile/assets/klik99/img/logo/Menu Icon/Side Menu/desktop.webp]
[180.210.207.149/index2fb1.html]
[180.210.207.149/tembak.svg]
[180.210.207.149/bolatangkas.svg]
[180.210.207.149/casino.svg]
[180.210.207.149/idnlive.svg]
[180.210.207.149/lottery.svg]
[180.210.207.149/esport.svg]
[180.210.207.149/sportbook.svg]
[180.210.207.149/slot.svg]
[180.210.207.149/games/slots8acd.html]
[180.210.207.149/games/slots1992.html]
[object-d001-cloud.akucloud.com/banner/image/promotion/AllBrand-HariHiv-BannerMobile.jpg]
[object-d001-cloud.akucloud.com/banner/image/promotion/BannerMobileAllgame_IDNSLOTCashdropMultiplePartII.jpg]
[180.210.207.149/template/alpha/mobile/assets/klik99/img/home/sport/ubobet.webp]
[180.210.207.149/template/alpha/mobile/assets/klik99/img/home/sport/sbobet.webp]
[180.210.207.149/template/alpha/mobile/assets/klik99/img/home/sport/sbobet-lite.webp]
[180.210.207.149/template/alpha/mobile/assets/klik99/img/home/esport/esport thumbs.webp]
[180.210.207.149/template/alpha/mobile/assets/klik99/img/home/togel/banner.webp]
[180.210.207.149/template/alpha/mobile/assets/klik99/img/home/idnlive/suwit.webp]
[180.210.207.149/template/alpha/mobile/assets/klik99/img/home/idnlive/12d.webp]
[180.210.207.149/template/alpha/mobile/assets/klik99/img/home/idnlive/billiards.webp]
[180.210.207.149/template/alpha/mobile/assets/klik99/img/home/idnlive/bingosicbo.webp]
[180.210.207.149/template/alpha/mobile/assets/klik99/img/home/idnlive/shioballs.webp]
[180.210.207.149/template/alpha/mobile/assets/klik99/img/home/idnlive/shiofights.webp]
[180.210.207.149/template/alpha/mobile/assets/klik99/img/home/casino/WM Casino.webp]
[180.210.207.149/template/alpha/mobile/assets/klik99/img/home/casino/Sbobet Casino.webp]
[180.210.207.149/template/alpha/mobile/assets/klik99/img/home/casino/Sexy Gaming.webp]
[180.210.207.149/template/alpha/mobile/assets/klik99/img/home/casino/Hogaming.webp]
[180.210.207.149/template/alpha/mobile/assets/klik99/img/home/casino/playtech.webp]
[180.210.207.149/template/alpha/mobile/assets/klik99/img/home/casino/evolution1.webp]
[180.210.207.149/template/alpha/mobile/assets/klik99/img/home/tangkas/Tangkas.webp]
[180.210.207.149/games/shot_fisha377.html]
[180.210.207.149/games/slotsec08.html]
[180.210.207.149/games/slotsd6a1.html]
[180.210.207.149/games/slotsa0d2.html]
[180.210.207.149/games/slotse276.html]
[180.210.207.149/games/slots0686.html]
[180.210.207.149/games/slots6b9f.html]
[180.210.207.149/games/slots57b4.html]
[180.210.207.149/games/slots10eb.html]
[180.210.207.149/games/slotsbe52.html]
[180.210.207.149/games/slots8579.html]
[180.210.207.149/games/slotsd4b2.html]
[180.210.207.149/games/slotsf017.html]
[180.210.207.149/games/slotsc1b4.html]
[180.210.207.149/games/slotsbdad.html]
[180.210.207.149/games/slots355c.html]
[180.210.207.149/games/slots1d57.html]
[180.210.207.149/games/slots9f69.html]
[180.210.207.149/games/slots12c1.html]
[180.210.207.149/games/slots1c74.html]
[180.210.207.149/games/slotsdcd5.html]
[180.210.207.149/games/slots489f.html]
[180.210.207.149/games/slotsdf58.html]
[180.210.207.149/template/alpha/mobile/assets/klik99/img/home/popular/idnslot.webp]
[180.210.207.149/template/alpha/mobile/assets/klik99/img/home/popular/pragmatic.webp]
[180.210.207.149/template/alpha/mobile/assets/klik99/img/home/popular/hbn.webp]
[180.210.207.149/template/alpha/mobile/assets/klik99/img/home/popular/cq9.webp]
[180.210.207.149/template/alpha/mobile/assets/klik99/img/home/popular/playtech.webp]
[180.210.207.149/template/alpha/mobile/assets/klik99/img/home/popular/png.webp]
[180.210.207.149/template/alpha/mobile/assets/klik99/img/home/popular/isb.webp]
[180.210.207.149/template/alpha/mobile/assets/klik99/img/home/popular/gameplay.webp]
[180.210.207.149/template/alpha/mobile/assets/klik99/img/home/popular/ps.webp]
[180.210.207.149/template/alpha/mobile/assets/klik99/img/home/popular/rtg.webp]
[180.210.207.149/template/alpha/mobile/assets/klik99/img/home/popular/jdb.webp]
[180.210.207.149/template/alpha/mobile/assets/klik99/img/home/popular/jg.webp]
[180.210.207.149/template/alpha/mobile/assets/klik99/img/home/popular/spade.webp]
[180.210.207.149/template/alpha/mobile/assets/klik99/img/home/popular/pgs.webp]
[180.210.207.149/template/alpha/mobile/assets/klik99/img/home/popular/gpssl.webp]
[180.210.207.149/template/alpha/mobile/assets/klik99/img/home/popular/redtiger.webp]
[180.210.207.149/template/alpha/mobile/assets/klik99/img/home/popular/ttg.webp]
[180.210.207.149/template/alpha/mobile/assets/klik99/img/home/popular/ttg-mg.webp]
[180.210.207.149/template/alpha/mobile/assets/klik99/img/home/popular/ttg-bg.webp]
[180.210.207.149/template/alpha/mobile/assets/klik99/img/home/popular/ttg-playson.webp]
[180.210.207.149/template/alpha/mobile/assets/klik99/img/home/popular/betsoft.webp]
[180.210.207.149/template/alpha/mobile/assets/klik99/img/home/popular/aws.webp]
[180.210.207.149/template/alpha/mobile/assets/klik99/img/home/popular/ttg-ga.webp]
[180.210.207.149/beranda.svg]
[180.210.207.149/daftar.svg]
[180.210.207.149/promosi.svg]
[180.210.207.149/livechat.svg]
[180.210.207.149/template/alpha/mobile/assets/klik99/img/logo/bank-footer/bca.webp]
[180.210.207.149/template/alpha/mobile/assets/klik99/img/logo/bank-footer/bri.webp]
[180.210.207.149/template/alpha/mobile/assets/klik99/img/logo/bank-footer/mandiri.webp]
[180.210.207.149/template/alpha/mobile/assets/klik99/img/logo/bank-footer/bni.webp]
[180.210.207.149/template/alpha/mobile/assets/klik99/img/logo/bank-footer/cimb.webp]
[180.210.207.149/template/alpha/mobile/assets/klik99/img/logo/bank-footer/permata.webp]
[180.210.207.149/template/alpha/mobile/assets/klik99/img/logo/bank-footer/kospin.webp]
[180.210.207.149/template/alpha/mobile/assets/klik99/img/logo/bank-footer/maybank.webp]
[180.210.207.149/template/alpha/mobile/assets/klik99/img/logo/bank-footer/panin.webp]
[180.210.207.149/template/alpha/mobile/assets/klik99/img/logo/bank-footer/mega.webp]
[180.210.207.149/template/alpha/mobile/assets/klik99/img/logo/bank-footer/jenius.webp]
[180.210.207.149/template/alpha/mobile/assets/klik99/img/logo/bank-footer/voucher88.webp]
[180.210.207.149/template/alpha/mobile/assets/klik99/img/logo/bank-footer/gopay.webp]
[180.210.207.149/template/alpha/mobile/assets/klik99/img/logo/bank-footer/linkaja.webp]
[180.210.207.149/template/alpha/mobile/assets/klik99/img/logo/bank-footer/ovo.webp]
[180.210.207.149/template/alpha/mobile/assets/klik99/img/logo/bank-footer/QRIS.webp]
[180.210.207.149/template/alpha/mobile/assets/klik99/img/logo/bank-footer/dana.webp]
[180.210.207.149/template/alpha/mobile/assets/klik99/img/logo/devices/devices.webp]
[180.210.207.149/template/alpha/mobile/assets/klik99/img/logo/devices/support.webp]
[180.210.207.149/template/alpha/mobile/assets/klik99/img/logo/devices/lisensi1.webp]
[180.210.207.149/template/alpha/mobile/master/js/appf713.js]
[180.210.207.149/js/smart-bannerf713.js]
[cdnjs.cloudflare.com/ajax/libs/jquery-cookie/1.4.1/jquery.cookie.js]
[180.210.207.149/template/alpha/assets/js/swiper-bundle.js]
[180.210.207.149/index5bd4.html]
[180.210.207.149/template/alpha/assets/js/swiper-bundle.min.js]
[180.210.207.149/template/alpha/assets/img/icon/check.webp]
[180.210.207.149/template/alpha/assets/img/icon/cross.webp]
[180.210.207.149/captcha/grey69f1.png]
[180.210.207.149/js/template/alpha/register7839.js]
[180.210.207.149/register.html]
[180.210.207.149/template/alpha/mobile/assets/klik99/img/sportbook/Sportbook.webp]
[180.210.207.149/games/sportbook.html]
[180.210.207.149/template/alpha/mobile/assets/klik99/img/esport/Esport.webp]
[180.210.207.149/games/esport.html]
[180.210.207.149/template/alpha/mobile/assets/klik99/img/slot/slot.webp]
[180.210.207.149/games/slots.html]
[180.210.207.149/template/alpha/mobile/assets/klik99/img/idnlive/idnlive.webp]
[180.210.207.149/games/idnlive.html]
[180.210.207.149/template/alpha/mobile/assets/klik99/img/togel/banner.webp]
[180.210.207.149/games/togel.html]
[180.210.207.149/template/alpha/mobile/assets/klik99/img/casino/live casino.webp]
[180.210.207.149/games/live_casino.html]
[180.210.207.149/template/alpha/mobile/assets/klik99/img/tangkas/mm tangkas.webp]
[180.210.207.149/games/mickeymouse.html]
[180.210.207.149/template/alpha/mobile/assets/klik99/img/tembak/tembak ikan.webp]
[180.210.207.149/games/shot_fish.html]
[180.210.207.149/template/alpha/mobile/assets/klik99/img/referral/referral1.webp]
[180.210.207.149/referral.html]
[object-d001-cloud.akucloud.com/banner/image/promotion/WLB2C_MLM3_MenuPromosiWeb.jpg]
[object-d001-cloud.akucloud.com/banner/image/promotion/Bola88_Natal-Idnlive_Menu Web Promosi.jpg]
[object-d001-cloud.akucloud.com/banner/image/promotion/WLB2C_QuizCornerChristmas_Menu-Promosi-Web.jpg]
[object-d001-cloud.akucloud.com/banner/image/promotion/All MM family_IDNSLOTCashdropMultiplePartII_BannerPromo.jpg]
[object-d001-cloud.akucloud.com/banner/image/promotion/All UBO_PP Slot Daily Wins_Menu Web Promosi1b26.jpg]
[object-d001-cloud.akucloud.com/banner/image/promotion/AllUbo_4DiamondsMegaway_Slider.jpg]
[object-d001-cloud.akucloud.com/banner/image/promotion/all mm family_HariAntiNarkoba_menu-promosi.jpg]
[object-d001-cloud.akucloud.com/banner/image/promotion/Bolatangkas-Habanero-MenuPromosi.jpg]
[object-d001-cloud.akucloud.com/banner/image/promotion/MMFamily_CashDrop_BannerPromo.jpg]
[object-d001-cloud.akucloud.com/banner/image/promotion/WLB2C_MajesticGold_BannerPromo.jpg]
[object-d001-cloud.akucloud.com/banner/image/promotion/MM-Family_BountyGoldExclusivePromo_MenuPromoWeb.jpg]
[object-d001-cloud.akucloud.com/banner/image/promotion/MMFamily_SlotMania_BannerPromo.jpg]
[object-d001-cloud.akucloud.com/banner/image/promotion/Crazy Slot Mania_menu promosi.jpg]
[object-d001-cloud.akucloud.com/banner/image/promotion/sports-AngpaoBonusMenuPromosi.jpg]
[object-d001-cloud.akucloud.com/banner/image/promotion/sports88-HabaneroRace-MenuPromoWeb.jpg]
[object-d001-cloud.akucloud.com/banner/image/promotion/wlb2c_Bonus-Kejutan-Harian_menu-promosi.jpg]
[object-d001-cloud.akucloud.com/banner/image/promotion/WLB2C_MG-Bonus-Time_Promo_Menu-Promosi-Web.jpg]
[object-d001-cloud.akucloud.com/banner/image/promotion/Joker-all-wlb2c_GrandJackpot_BannerPromo.jpg]
[object-d001-cloud.akucloud.com/banner/image/promotion/AllUBO-PlayStarChallenge-BannerMenuPromosi.jpg]
[object-d001-cloud.akucloud.com/banner/image/Klik99/promo/Klik99_Cashback Sportbook_Menu Web Promosi.jpg]
[object-d001-cloud.akucloud.com/banner/image/promotion/Wlb2c-AffCup-MenuPromosi.jpg]
[object-d001-cloud.akucloud.com/banner/image/Klik99/klik99_spesial-natal-&-tahun-baru--turn-over_menu-promosi.jpg]
[object-d001-cloud.akucloud.com/banner/image/Klik99/klik99_spesial-natal-&-tahun-baru--togel-hoky_menu-promosi.jpg]
[object-d001-cloud.akucloud.com/banner/image/Klik99/promo/Klik99_Free Chip_Menu Web Promosi.jpg]
[object-d001-cloud.akucloud.com/banner/image/Klik99/promo/Klik99_Bonus Deposit Pertama_Menu Web Promosi.jpg]
[object-d001-cloud.akucloud.com/banner/image/Klik99/promo/Klik99_Lucky Spin_Menu Web Promosi.jpg]
[180.210.207.149/ https_/180.210.207.149/index.html]
[object-d001-cloud.akucloud.com/banner/image/Klik99/promo/Klik99_Mystery Box _Menu Web Promosi.jpg]
[object-d001-cloud.akucloud.com/banner/image/Klik99/promo/Klik99_Cashback Esport_Menu Web Promosi.jpg]
[object-d001-cloud.akucloud.com/banner/image/Klik99/promo/Klik99_Rollingan Esport_Menu Web Promosi.jpg]
[object-d001-cloud.akucloud.com/banner/image/Klik99/promo/Klik99_Cashback Live Casino_Menu Web Promosi.jpg]
[object-d001-cloud.akucloud.com/banner/image/Klik99/promo/Klik99_Rollingan Live Casino_Menu Web Promosi.jpg]
[object-d001-cloud.akucloud.com/banner/image/Klik99/promo/Klik99_Cashback Idnlive_Menu Web Promosi.jpg]
[object-d001-cloud.akucloud.com/banner/image/Klik99/promo/Klik99_Rollingan IDNLive_Menu Web Promosi.jpg]
[object-d001-cloud.akucloud.com/banner/image/Klik99/promo/Klik99_Cashback Slot dan Tembak Ikan_Menu Web Promosi.jpg]
[object-d001-cloud.akucloud.com/banner/image/Klik99/promo/Klik99_Rollingan Slot dan Tembak Ikan_Menu Web Promosi.jpg]
[object-d001-cloud.akucloud.com/banner/image/Klik99/promo/Klik99_Cashback MM_Menu Web Promosi.jpg]
[object-d001-cloud.akucloud.com/banner/image/Klik99/promo/Klik99_Rollingan MM_Menu Web Promosi.jpg]
[180.210.207.149/promotion.html]
[180.210.207.149/template/alpha/assets/img/icon/playnow.svg]
[180.210.207.149/page/live-casino-mobile.html]
[180.210.207.149/page/live-number-mobile.html]
[180.210.207.149/page/slots-mobile.html]
[180.210.207.149/page/tembak-ikan-mobile.html]
[180.210.207.149/page/mmbolatangkas-mobile.html]
[180.210.207.149/page/esport-mobile.html]
[180.210.207.149/page/sport-mobile.html]
[180.210.207.149/page/voucher88.html]
[180.210.207.149/page/link-alternatif.html]
[180.210.207.149/page/%09bertanggung-jawab.html]
[180.210.207.149/page/policy.html]
[180.210.207.149/page/phising.html]
[180.210.207.149/page/kalkulator-mix-parlay.html]
[180.210.207.149/page/how-to-bet.html]
[180.210.207.149/page/video-tutorial.html]
[180.210.207.149/page/sponsors.html]
[180.210.207.149/page/about-us.html]
[180.210.207.149/page/mobileses.html]
[object-d001-cloud.akucloud.com/banner/image/bank/bca.png]
[object-d001-cloud.akucloud.com/banner/image/bank/mandiri.png]
[object-d001-cloud.akucloud.com/banner/image/bank/bni.png]
[object-d001-cloud.akucloud.com/banner/image/bank/bri.png]
[object-d001-cloud.akucloud.com/banner/image/bank/CIMBNiaga.png]
[object-d001-cloud.akucloud.com/banner/image/bank/permata.png]
[object-d001-cloud.akucloud.com/banner/image/bank/maybank.png]
[object-d001-cloud.akucloud.com/banner/image/bank/mega.png]
[180.210.207.149/page/%09bank-schedule.html]
[180.210.207.149/template/alpha/desktop/assets/klik99/img/logo/bank-footer/Gopay.svg]
[180.210.207.149/template/alpha/desktop/assets/klik99/img/logo/bank-footer/LinkAja.svg]
[180.210.207.149/template/alpha/desktop/assets/klik99/img/logo/bank-footer/Ovo.svg]
[180.210.207.149/template/alpha/desktop/assets/klik99/img/logo/bank-footer/QRIS.svg]
[180.210.207.149/template/alpha/desktop/assets/klik99/img/logo/bank-footer/Dana.svg]
[180.210.207.149/template/alpha/assets/css/webfonts/fa-brands-400.svg]
[180.210.207.149/template/alpha/assets/css/webfonts/fa-regular-400.svg]
[180.210.207.149/template/alpha/assets/css/grabbing.html]
[180.210.207.149/template/idncash/desktop/assets/img/logo/ico-flag.html]
[180.210.207.149/template/alpha/assets/font/NEWTOW__.html]
[180.210.207.149/template/alpha/desktop/assets/klik99/img/logo/bank-footer/bca-color.html]
[180.210.207.149/template/alpha/desktop/assets/klik99/img/logo/bank-footer/mandiri.html]
[180.210.207.149/template/alpha/desktop/assets/klik99/img/logo/bank-footer/bni.html]
[180.210.207.149/template/alpha/desktop/assets/klik99/img/logo/bank-footer/bri.html]
[180.210.207.149/template/alpha/desktop/assets/klik99/img/logo/bank-footer/cimb.html]
[180.210.207.149/template/alpha/desktop/assets/klik99/img/logo/bank-footer/panin-bank.html]
[180.210.207.149/template/alpha/desktop/assets/klik99/img/logo/bank-footer/maybank.html]
[180.210.207.149/template/alpha/desktop/assets/klik99/img/logo/bank-footer/mega.html]
[180.210.207.149/template/alpha/desktop/assets/klik99/img/logo/bank-footer/permata.html]
[180.210.207.149/template/alpha/desktop/assets/klik99/img/logo/bank-footer/kospin.html]
[180.210.207.149/template/alpha/desktop/assets/klik99/img/logo/bank-footer/jenius.html]
[180.210.207.149/plugins/validation/formValidation.min.css]
[180.210.207.149/template/alpha/mobile/assets/klik99/css/nw-style8510.css]
[180.210.207.149/template/alpha/assets/css/AjaxLoader.gif]
[180.210.207.149/template/alpha/assets/font/bebas-kai.1cb.delayed]
[180.210.207.149/template/alpha/assets/font/opensans-regular.ttf]
[180.210.207.149/template/alpha/assets/font/aller-regular.ttf]
[180.210.207.149/template/alpha/assets/css/typographyf713.css]
[180.210.207.149/template/alpha/assets/font/Aurach-Heavy.ttf]
[180.210.207.149/template/alpha/assets/font/Barlow-Regular.ttf]
[180.210.207.149/template/alpha/mobile/assets/idncash/img/icon/icon-sidemenu/ELottery.svg]
[180.210.207.149/template/alpha/mobile/assets/img/logo/user.png]
[180.210.207.149/template/alpha/mobile/assets/idncash/img/Maintenance/background.webp]
[180.210.207.149/template/alpha/mobile/assets/klik99/img/icon/icon-sidemenu/ELottery.svg]
[180.210.207.149/template/alpha/mobile/assets/ibetwin/img/Maintenance/background.webp]
[180.210.207.149/template/alpha/mobile/assets/klik99/css/app__klik99f713.css]
[180.210.207.149/template/alpha/assets/css/swiper-bundle.css]
[180.210.207.149/template/alpha/assets/css/swiper-bundle.min.css]
[object-d001-cloud.akucloud.com/banner/image/ubo/sosmed/livechat.png]
[object-d001-cloud.akucloud.com/banner/image/ubo/sosmed/whatsapp.png]
[object-d001-cloud.akucloud.com/banner/image/ubo/sosmed/line.png]
[object-d001-cloud.akucloud.com/banner/image/ubo/sosmed/telegram.png]
[object-d001-cloud.akucloud.com/banner/image/tiktoksport.png]
[object-d001-cloud.akucloud.com/banner/image/ubo/sosmed/pinterest.png]
[object-d001-cloud.akucloud.com/banner/image/ubo/sosmed/instagram.png]
[object-d001-cloud.akucloud.com/banner/image/ubo/sosmed/twitter.png]
[object-d001-cloud.akucloud.com/banner/image/sosmed/facebook.png]
[object-d001-cloud.akucloud.com/banner/image/sosmed/youtube.png]
[180.210.207.149/page/contact-us.html]
[180.210.207.149/template/alpha/desktop/assets/klik99/img/logo/flag/uk.webp]
[180.210.207.149/index2fb1.html]
[180.210.207.149/tembak.html]
[180.210.207.149/bolatangkas.html]
[180.210.207.149/casino.html]
[180.210.207.149/idnlive.html]
[180.210.207.149/lottery.html]
[180.210.207.149/esport.html]
[180.210.207.149/sportbook.html]
[180.210.207.149/slot.html]
[180.210.207.149/template/alpha/desktop/assets/klik99/img/Slots/slots-banner.webp]
[180.210.207.149/games/slots8acd.html]
[180.210.207.149/games/slots1992.html]
[180.210.207.149/template/alpha/desktop/assets/klik99/img/tembak/banner.webp]
[180.210.207.149/games/shot_fisha377.html]
[180.210.207.149/games/slotsec08.html]
[180.210.207.149/games/slotsd6a1.html]
[180.210.207.149/games/slotsa0d2.html]
[180.210.207.149/games/slotse276.html]
[180.210.207.149/games/slots0686.html]
[180.210.207.149/games/slots6b9f.html]
[180.210.207.149/games/slots57b4.html]
[180.210.207.149/games/slots10eb.html]
[180.210.207.149/games/slotsbe52.html]
[180.210.207.149/games/slots8579.html]
[180.210.207.149/games/slotsd4b2.html]
[180.210.207.149/games/slotsf017.html]
[180.210.207.149/games/slotsc1b4.html]
[180.210.207.149/games/slotsbdad.html]
[180.210.207.149/games/slots355c.html]
[180.210.207.149/games/slots1d57.html]
[180.210.207.149/games/slots9f69.html]
[180.210.207.149/games/slots12c1.html]
[180.210.207.149/games/slots1c74.html]
[180.210.207.149/games/slotsdcd5.html]
[180.210.207.149/games/slots489f.html]
[180.210.207.149/games/slotsdf58.html]
[180.210.207.149/beranda.html]
[180.210.207.149/daftar.html]
[180.210.207.149/promosi.html]
[180.210.207.149/livechat.html]
[180.210.207.149/ https_/180.210.207.149/index.html]
[object-d001-cloud.akucloud.com/banner/image/Klik99/livecasinomobile173a1.png]
[object-d001-cloud.akucloud.com/banner/image/Klik99/livecasinomobile273a1.png]
[object-d001-cloud.akucloud.com/banner/image/Klik99/livecasinomobile373a1.png]
[object-d001-cloud.akucloud.com/banner/image/Klik99/livecasinomobile473a1.png]
[object-d001-cloud.akucloud.com/banner/image/Klik99/livecasinomobile573a1.png]
[180.210.207.149/page/live-casino-mobile.html]
[object-d001-cloud.akucloud.com/banner/image/Klik99/idnlivemobile173a1.png]
[object-d001-cloud.akucloud.com/banner/image/Klik99/idnlivemobile273a1.png]
[180.210.207.149/page/live-number-mobile.html]
[object-d001-cloud.akucloud.com/banner/image/Klik99/slotsmobile173a1.png]
[object-d001-cloud.akucloud.com/banner/image/Klik99/slotsmobile2e13e.png]
[object-d001-cloud.akucloud.com/banner/image/Klik99/slotsmobile373a1.png]
[180.210.207.149/page/slots-mobile.html]
[object-d001-cloud.akucloud.com/banner/image/Klik99/tembakikanmobile1.png]
[180.210.207.149/page/tembak-ikan-mobile.html]
[object-d001-cloud.akucloud.com/banner/image/Klik99/tangkasmobile173a1.png]
[object-d001-cloud.akucloud.com/banner/image/Klik99/tangkasmobile273a1.png]
[object-d001-cloud.akucloud.com/banner/image/Klik99/tangkasmobile373a1.png]
[object-d001-cloud.akucloud.com/banner/image/Klik99/tangkasmobile473a1.png]
[object-d001-cloud.akucloud.com/banner/image/Klik99/tangkasmobile573a1.png]
[object-d001-cloud.akucloud.com/banner/image/Klik99/tangkasmobile673a1.png]
[180.210.207.149/page/mmbolatangkas-mobile.html]
[object-d001-cloud.akucloud.com/banner/image/Klik99/esportsmobile1.png]
[object-d001-cloud.akucloud.com/banner/image/Klik99/esportsmobile2.png]
[object-d001-cloud.akucloud.com/banner/image/Klik99/esportsmobile3.png]
[object-d001-cloud.akucloud.com/banner/image/Klik99/esportsmobile473a1.png]
[object-d001-cloud.akucloud.com/banner/image/Klik99/esportsmobile5.png]
[180.210.207.149/page/esport-mobile.html]
[object-d001-cloud.akucloud.com/banner/image/Klik99/sportsbookmobile1.png]
[object-d001-cloud.akucloud.com/banner/image/Klik99/sportsbookmobile2.png]
[object-d001-cloud.akucloud.com/banner/image/Klik99/sportsbookmobile3.png]
[object-d001-cloud.akucloud.com/banner/image/Klik99/sportsbookmobile4.png]
[object-d001-cloud.akucloud.com/banner/image/Klik99/sportsbookmobile5.png]
[180.210.207.149/page/sport-mobile.html]
[object-d001-cloud.akucloud.com/banner/image/Klik99/dv1.jpg]
[object-d001-cloud.akucloud.com/banner/image/Klik99/dv2.jpg]
[object-d001-cloud.akucloud.com/banner/image/Klik99/dv3.jpg]
[object-d001-cloud.akucloud.com/banner/image/Klik99/dv4.jpg]
[object-d001-cloud.akucloud.com/banner/image/Klik99/dv5.jpg]
[object-d001-cloud.akucloud.com/banner/image/Klik99/dv6.jpg]
[object-d001-cloud.akucloud.com/banner/image/Klik99/dv7.jpg]
[object-d001-cloud.akucloud.com/banner/image/Klik99/dv8.jpg]
[object-d001-cloud.akucloud.com/banner/image/Klik99/dv9.jpg]
[object-d001-cloud.akucloud.com/banner/image/Klik99/cv1.jpg]
[object-d001-cloud.akucloud.com/banner/image/Klik99/cv2.jpg]
[object-d001-cloud.akucloud.com/banner/image/Klik99/cv3.jpg]
[object-d001-cloud.akucloud.com/banner/image/Klik99/cv4.jpg]
[180.210.207.149/page/voucher88.html]
[180.210.207.149/page/link-alternatif.html]
[180.210.207.149/page/%09bertanggung-jawab.html]
[180.210.207.149/page/policy.html]
[object-d001-cloud.akucloud.com/banner/image/Klik99/phising1.jpg]
[object-d001-cloud.akucloud.com/banner/image/Klik99/phising2.jpg]
[object-d001-cloud.akucloud.com/banner/image/Klik99/phising3.jpg]
[180.210.207.149/page/phising.html]
[180.210.207.149/page/kalkulator-mix-parlay.html]
[object-d001-cloud.akucloud.com/banner/image/Klik99/livecasino1.jpg]
[object-d001-cloud.akucloud.com/banner/image/Klik99/livecasino2.jpg]
[object-d001-cloud.akucloud.com/banner/image/Klik99/livecasino3.jpg]
[object-d001-cloud.akucloud.com/banner/image/Klik99/livecasino4.jpg]
[object-d001-cloud.akucloud.com/banner/image/Klik99/livecasino5.jpg]
[object-d001-cloud.akucloud.com/banner/image/Klik99/idnlive1.jpg]
[object-d001-cloud.akucloud.com/banner/image/Klik99/idnlive2.jpg]
[object-d001-cloud.akucloud.com/banner/image/Klik99/idnlive3.jpg]
[object-d001-cloud.akucloud.com/banner/image/Klik99/sportbook1.jpg]
[object-d001-cloud.akucloud.com/banner/image/Klik99/sportbook2.jpg]
[object-d001-cloud.akucloud.com/banner/image/Klik99/sportbook3.jpg]
[object-d001-cloud.akucloud.com/banner/image/Klik99/sportbook4.jpg]
[object-d001-cloud.akucloud.com/banner/image/Klik99/sportbook5.jpg]
[object-d001-cloud.akucloud.com/banner/image/Klik99/slots1.jpg]
[object-d001-cloud.akucloud.com/banner/image/Klik99/slots2.jpg]
[object-d001-cloud.akucloud.com/banner/image/Klik99/slots3.jpg]
[object-d001-cloud.akucloud.com/banner/image/Klik99/tembakikan1.jpg]
[object-d001-cloud.akucloud.com/banner/image/Klik99/tembakikan2.jpg]
[object-d001-cloud.akucloud.com/banner/image/Klik99/tembakikan3.jpg]
[object-d001-cloud.akucloud.com/banner/image/Klik99/tembakikan4.jpg]
[object-d001-cloud.akucloud.com/banner/image/Klik99/tembakikan5.jpg]
[object-d001-cloud.akucloud.com/banner/image/Klik99/tembakikan6.jpg]
[object-d001-cloud.akucloud.com/banner/image/Klik99/tangkas1.jpg]
[object-d001-cloud.akucloud.com/banner/image/Klik99/tangkas2.jpg]
[object-d001-cloud.akucloud.com/banner/image/Klik99/tangkas3.jpg]
[object-d001-cloud.akucloud.com/banner/image/Klik99/tangkas4.jpg]
[object-d001-cloud.akucloud.com/banner/image/Klik99/tangkas5.jpg]
[object-d001-cloud.akucloud.com/banner/image/Klik99/tangkas6.jpg]
[object-d001-cloud.akucloud.com/banner/image/Klik99/esport1.jpg]
[object-d001-cloud.akucloud.com/banner/image/Klik99/esport2.jpg]
[object-d001-cloud.akucloud.com/banner/image/Klik99/esport3.jpg]
[object-d001-cloud.akucloud.com/banner/image/Klik99/esport4.jpg]
[object-d001-cloud.akucloud.com/banner/image/Klik99/esport5.jpg]
[180.210.207.149/page/how-to-bet.html]
[180.210.207.149/page/video-tutorial.html]
[180.210.207.149/page/sponsors.html]
[180.210.207.149/template/alpha/assets/css/webfonts/fa-solid-900.svg]
[180.210.207.149/template/alpha/assets/css/AjaxLoader.gif]
[180.210.207.149/template/alpha/assets/font/bebas-kai.html]
[180.210.207.149/template/alpha/assets/font/opensans-regular.html]
[180.210.207.149/template/alpha/assets/font/aller-regular.html]
[180.210.207.149/template/alpha/mobile/assets/idncash/img/icon/icon-sidemenu/Home.svg]
[180.210.207.149/template/alpha/mobile/assets/idncash/img/icon/icon-sidemenu/Profile.svg]
[180.210.207.149/template/alpha/mobile/assets/idncash/img/icon/icon-sidemenu/Memo.svg]
[180.210.207.149/template/alpha/mobile/assets/idncash/img/icon/icon-sidemenu/Notification.svg]
[180.210.207.149/template/alpha/mobile/assets/idncash/img/icon/icon-sidemenu/Deposit.svg]
[180.210.207.149/template/alpha/mobile/assets/idncash/img/icon/icon-sidemenu/History.svg]
[180.210.207.149/template/alpha/mobile/assets/idncash/img/icon/icon-sidemenu/Withdraw.svg]
[180.210.207.149/template/alpha/mobile/assets/idncash/img/icon/icon-sidemenu/Sportbook.svg]
[180.210.207.149/template/alpha/mobile/assets/idncash/img/icon/icon-sidemenu/Esport.svg]
[180.210.207.149/template/alpha/mobile/assets/idncash/img/icon/icon-sidemenu/Poker.svg]
[180.210.207.149/template/alpha/mobile/assets/idncash/img/icon/icon-sidemenu/Idnlive.svg]
[180.210.207.149/template/alpha/mobile/assets/idncash/img/icon/icon-sidemenu/LiveCasino.svg]
[180.210.207.149/template/alpha/mobile/assets/idncash/img/icon/icon-sidemenu/ELottery.html]
[180.210.207.149/template/alpha/mobile/assets/idncash/img/icon/icon-sidemenu/MMTangkas.svg]
[180.210.207.149/template/alpha/mobile/assets/idncash/img/icon/icon-sidemenu/Slot.svg]
[180.210.207.149/template/alpha/mobile/assets/idncash/img/icon/icon-sidemenu/TembakIkan.svg]
[180.210.207.149/template/alpha/mobile/assets/idncash/img/icon/icon-sidemenu/VirtualSport.svg]
[180.210.207.149/template/alpha/mobile/assets/idncash/img/icon/icon-sidemenu/Download.svg]
[180.210.207.149/template/alpha/mobile/assets/idncash/img/icon/icon-sidemenu/Promotion.svg]
[180.210.207.149/template/alpha/mobile/assets/idncash/img/icon/icon-sidemenu/Referral.svg]
[180.210.207.149/template/alpha/mobile/assets/idncash/img/icon/icon-sidemenu/HubungiKami.svg]
[180.210.207.149/template/alpha/mobile/assets/idncash/img/icon/icon-sidemenu/InfoIDNCash.svg]
[180.210.207.149/template/alpha/mobile/assets/idncash/img/icon/icon-sidemenu/Togel.svg]
[180.210.207.149/template/alpha/mobile/assets/img/logo/user.html]
[180.210.207.149/template/alpha/mobile/assets/klik99/img/icon/icon-sidemenu/Home.svg]
[180.210.207.149/template/alpha/mobile/assets/klik99/img/icon/icon-sidemenu/Profile.svg]
[180.210.207.149/template/alpha/mobile/assets/klik99/img/icon/icon-sidemenu/Memo.svg]
[180.210.207.149/template/alpha/mobile/assets/klik99/img/icon/icon-sidemenu/Notifikasi.svg]
[180.210.207.149/template/alpha/mobile/assets/klik99/img/icon/icon-sidemenu/Deposit.svg]
[180.210.207.149/template/alpha/mobile/assets/klik99/img/icon/icon-sidemenu/History.svg]
[180.210.207.149/template/alpha/mobile/assets/klik99/img/icon/icon-sidemenu/Withdraw.svg]
[180.210.207.149/template/alpha/mobile/assets/klik99/img/icon/icon-sidemenu/Sportbook.svg]
[180.210.207.149/template/alpha/mobile/assets/klik99/img/icon/icon-sidemenu/Esport.svg]
[180.210.207.149/template/alpha/mobile/assets/klik99/img/icon/icon-sidemenu/Poker.svg]
[180.210.207.149/template/alpha/mobile/assets/klik99/img/icon/icon-sidemenu/Idnlive.svg]
[180.210.207.149/template/alpha/mobile/assets/klik99/img/icon/icon-sidemenu/LiveCasino.svg]
[180.210.207.149/template/alpha/mobile/assets/klik99/img/icon/icon-sidemenu/ELottery.html]
[180.210.207.149/template/alpha/mobile/assets/klik99/img/icon/icon-sidemenu/MMTangkas.svg]
[180.210.207.149/template/alpha/mobile/assets/klik99/img/icon/icon-sidemenu/Slot.svg]
[180.210.207.149/template/alpha/mobile/assets/klik99/img/icon/icon-sidemenu/TembakIkan.svg]
[180.210.207.149/template/alpha/mobile/assets/klik99/img/icon/icon-sidemenu/VirtualSport.svg]
[180.210.207.149/template/alpha/mobile/assets/klik99/img/icon/icon-sidemenu/Download.svg]
[180.210.207.149/template/alpha/mobile/assets/klik99/img/icon/icon-sidemenu/Promotion.svg]
[180.210.207.149/template/alpha/mobile/assets/klik99/img/icon/icon-sidemenu/Referral.svg]
[180.210.207.149/template/alpha/mobile/assets/klik99/img/icon/icon-sidemenu/HubungiKami.svg]
[180.210.207.149/template/alpha/mobile/assets/klik99/img/icon/icon-sidemenu/InfoKlik99.svg]
[180.210.207.149/template/alpha/mobile/assets/klik99/img/icon/icon-sidemenu/Togel.svg]
[object-d001-cloud.akucloud.com/banner/image/Klik99/cv4.html]
[object-d001-cloud.akucloud.com/banner/image/Klik99/sportbook5.html]
[180.210.207.149/games/beranda.html]
[180.210.207.149/games/daftar.html]
[180.210.207.149/games/promosi.html]
[180.210.207.149/games/livechat.html]
